
> airfit@0.1.0 build
> react-scripts build

Creating an optimized production build...
Compiled successfully.

File sizes after gzip:

  234.01 kB  build\static\js\main.ed1508f3.js
  1.76 kB    build\static\js\453.4b72ff94.chunk.js
  903 B      build\static\css\main.2e86118f.css

The project was built assuming it is hosted at /.
You can control this with the homepage field in your package.json.

The build folder is ready to be deployed.
You may serve it with a static server:

  serve -s build

Find out more about deployment here:

  https://cra.link/deployment

